<?xml version="1.0" encoding="UTF-8"?>
<TestRun id="27efc155-11dd-4c2f-988d-a1869e59c6fa" name="rosen.rusev@PTF-UK-D036 2013-02-20 17:01:48" runUser="FINTRAX\rosen.rusev" xmlns="http://microsoft.com/schemas/VisualStudio/TeamTest/2010">
  <TestSettings name="Local" id="d006c499-29d0-4555-b434-62ac613ecd6f">
    <Description>These are default test settings for a local test run.</Description>
    <Deployment enabled="false" runDeploymentRoot="rosen.rusev_PTF-UK-D036 2013-02-20 17_01_48">
      <DeploymentItem filename="C:\PROJECTS\VScan\PTFLib\bin\Debug\PTFLib.dll" />
      <DeploymentItem filename="C:\PROJECTS\VScan\TransferringService\bin\Debug\TransferringService.exe" />
      <DeploymentItem filename="C:\PROJECTS\VScan\PTF.Common\bin\Debug\PTF.Common.dll" />
    </Deployment>
    <Execution>
      <TestTypeSpecific />
      <AgentRule name="Execution Agents">
      </AgentRule>
    </Execution>
  </TestSettings>
  <Times creation="2013-02-20T17:01:48.9841511+00:00" queuing="2013-02-20T17:01:50.0164859+00:00" start="2013-02-20T17:01:50.1364667+00:00" finish="2013-02-20T17:02:07.0112663+00:00" />
  <ResultSummary outcome="Error">
    <Counters total="1" executed="1" error="0" failed="0" timeout="0" aborted="1" inconclusive="0" passedButRunAborted="0" notRunnable="0" notExecuted="0" disconnected="0" warning="0" passed="0" completed="0" inProgress="0" pending="0" />
    <RunInfos>
      <RunInfo computerName="PTF-UK-D036" outcome="Error" timestamp="2013-02-20T17:02:07.0087667+00:00">
        <Text>Test host process exited unexpectedly.</Text>
      </RunInfo>
    </RunInfos>
  </ResultSummary>
  <TestDefinitions>
    <UnitTest name="clientdataaccess_insertfile_test" storage="c:\projects\vscan\scantest\bin\debug\scantest.dll" id="4787f674-9022-844a-6e7f-2ce0ef322192">
      <Execution id="bf0a7850-d7e5-4abf-89a5-6656fc871da7" />
      <TestMethod codeBase="C:/PROJECTS/VScan/ScanTest/bin/Debug/ScanTest.DLL" adapterTypeName="Microsoft.VisualStudio.TestTools.TestTypes.Unit.UnitTestAdapter, Microsoft.VisualStudio.QualityTools.Tips.UnitTest.Adapter, Version=10.0.0.0, Culture=neutral, PublicKeyToken=b03f5f7f11d50a3a" className="ScanTest.ClientDataAccessTest, ScanTest, Version=1.0.0.0, Culture=neutral, PublicKeyToken=null" name="clientdataaccess_insertfile_test" />
    </UnitTest>
  </TestDefinitions>
  <TestLists>
    <TestList name="Results Not in a List" id="8c84fa94-04c1-424b-9868-57a2d4851a1d" />
    <TestList name="All Loaded Results" id="19431567-8539-422a-85d7-44ee4e166bda" />
  </TestLists>
  <TestEntries>
    <TestEntry testId="4787f674-9022-844a-6e7f-2ce0ef322192" executionId="bf0a7850-d7e5-4abf-89a5-6656fc871da7" testListId="8c84fa94-04c1-424b-9868-57a2d4851a1d" />
  </TestEntries>
  <Results>
    <UnitTestResult executionId="bf0a7850-d7e5-4abf-89a5-6656fc871da7" testId="4787f674-9022-844a-6e7f-2ce0ef322192" testName="clientdataaccess_insertfile_test" computerName="PTF-UK-D036" duration="00:00:16.7698164" startTime="2013-02-20T17:01:50.2414499+00:00" endTime="2013-02-20T17:02:07.0112663+00:00" testType="13cdc9d9-ddb5-4fa4-a97d-d965ccfc6d4b" outcome="Aborted" testListId="8c84fa94-04c1-424b-9868-57a2d4851a1d" relativeResultsDirectory="bf0a7850-d7e5-4abf-89a5-6656fc871da7">
    </UnitTestResult>
  </Results>
</TestRun>